// Jest Snapshot v1, https://goo.gl/fbAQLP

exports[`Bag.tsx matches base snapshot 1`] = `
<DocumentFragment>
  <span
    class="t_dark is_inversed _dsp_contents"
  >
    <span
      class=" t_dark _dsp_contents is_Theme"
    />
  </span>
</DocumentFragment>
`;
